src/index.ts(700,7): error TS1472: 'catch' or 'finally' expected.
src/index.ts(704,7): error TS1005: ',' expected.
src/index.ts(709,4): error TS1128: Declaration or statement expected.
src/index.ts(716,1): error TS1128: Declaration or statement expected.
